     1                                  bits 32
     2                                  global start        
     3                                  
     4                                  extern exit
     5                                  import exit msvcrt.dll
     6                                  
     7                                  segment data use32 class=data
     8                                  
     9                                  segment code use32 class=code
    10                                      start:
    11 00000000 B800000000                  mov eax,0
    12 00000005 BB00000000                  mov ebx,0
    13 0000000A B0FD                        mov al,-3
    14 0000000C 66BB0600                    mov bx,6
    15 00000010 6698                        cbw
    16 00000012 6601D8                      add ax,bx
    17                                      
    18                                      
    19 00000015 6A00                        push    dword 0
    20 00000017 FF15[00000000]              call    [exit]
