     1                                  bits 32
     2                                  global start
     3                                  
     4                                  
     5                                  extern exit, scanf,printf
     6                                  import exit msvcrt.dll
     7                                  import scanf msvcrt.dll
     8                                  import printf msvcrt.dll
     9                                  
    10                                  
    11                                  segment data use32 class=data
    12                                  
    13                                      
    14 00000000 257800                      form db "%x",0
    15 00000003 25640A00                    format db "%d",10,0
    16 00000007 00000000                    n dd 0
    17                                  
    18                                  
    19                                  segment code use32 class=code
    20                                  
    21                                      start:
    22                                      
    23 00000000 68[07000000]                    push dword n
    24 00000005 68[00000000]                    push dword form
    25 0000000A FF15[00000000]                  call [scanf]
    26 00000010 83C408                          add esp ,4*2
    27                                          
    28                                          
    29 00000013 FF35[07000000]                  push dword [n]
    30 00000019 68[03000000]                    push dword format
    31 0000001E FF15[00000000]                  call [printf]
    32 00000024 83C408                          add esp, 4*2
    33                                          
    34 00000027 A1[07000000]                    mov eax, [n]
    35 0000002C F7D8                            neg eax
    36                                          
    37 0000002E BA00000000                      mov edx,0
    38 00000033 88C2                            mov dl, al
    39 00000035 F7DA                            neg edx
    40                                          
    41                                          
    42 00000037 50                              push eax
    43 00000038 68[03000000]                    push dword format
    44 0000003D FF15[00000000]                  call [printf]
    45                                          
    46                                    
    47 00000043 6A00                            push    dword 0
    48 00000045 FF15[00000000]                  call    [exit]
    49                                          
    50                                          
