     1                                  bits 32
     2                                  global start
     3                                  
     4                                  
     5                                  extern exit, scanf,printf
     6                                  import exit msvcrt.dll
     7                                  import scanf msvcrt.dll
     8                                  import printf msvcrt.dll
     9                                  
    10                                  
    11                                  segment data use32 class=data
    12                                  
    13 00000000 3C25643E2A3C25643E-         mesaj db "<%d>*<%d>=<%d>",0
    13 00000009 3D3C25643E00       
    14 0000000F 256400                      format db "%d",0
    15 00000012 0000                        a dw 0
    16 00000014 0000                        b dw 0
    17                                  
    18                                  
    19                                  segment code use32 class=code
    20                                  
    21                                      start:
    22 00000000 8D05[12000000]                  lea eax, [a]
    23 00000006 50                              push eax
    24 00000007 68[0F000000]                    push dword format
    25 0000000C FF15[00000000]                  call [scanf]
    26 00000012 83C408                          add esp ,4*2
    27                                          
    28 00000015 8D05[14000000]                  lea eax, [b]
    29 0000001B 50                              push eax
    30 0000001C 68[0F000000]                    push dword format
    31 00000021 FF15[00000000]                  call [scanf]
    32 00000027 83C408                          add esp, 4*2
    33                                          
    34 0000002A 66A1[12000000]                  mov ax, [a]
    35 00000030 668B1D[14000000]                mov bx, [b]
    36                                          
    37 00000037 66F7EB                          imul bx
    38                                          
    39 0000003A 6652                            push dx
    40 0000003C 6650                            push ax
    41 0000003E 66A1[14000000]                  mov ax,[b]
    42 00000044 98                              cwde
    43 00000045 50                              push eax
    44 00000046 66A1[12000000]                  mov ax,[a]
    45 0000004C 98                              cwde
    46 0000004D 50                              push eax
    47                                  
    48 0000004E 68[00000000]                    push mesaj
    49 00000053 FF15[00000000]                  call [printf]
    50 00000059 83C414                          add esp, 4*5
    51                                          
    52                                      
    53 0000005C 6A00                            push    dword 0
    54 0000005E FF15[00000000]                  call    [exit]
